Microchip MPLAB XC8 Compiler V3.00

Linker command line:

-W-3 \
  --edf=/Applications/microchip/mplabx/v6.25/packs/Microchip/PIC18F-Q_DFP/1.27.449/xc8/pic/dat/20250204174324_en.msgs \
  -cn \
  -h+dist/default/production/digital_attitude_indicator.X.production.sym \
  --cmf=dist/default/production/digital_attitude_indicator.X.production.cmf \
  -z -Q18F47Q10 -o/tmp/xcW9LQ10j/driver_tmp_3.o --defsym=__MPLAB_BUILD=1 \
  --fixupoverflow=error \
  -Mdist/default/production/digital_attitude_indicator.X.production.map \
  --md=/tmp/xcW9LQ10j/driver_tmp_0.dat -E1 -ver=XC8 Compiler \
  -ACODE=00h-01FFFFh -ACONST=00h-01FFFFh \
  -ASMALLCONST=01000h-010FFhx240,011000h-0110FFhx240 \
  -AMEDIUMCONST=01000h-0FFFFh,011000h-01FFFFh -ACOMRAM=01h-05Fh \
  -AABS1=00h-0CFFh,0E00h-0E1Eh -ABIGRAM=01h-0CFFh,0E00h-0E1Eh \
  -ARAM=060h-0FFh,0100h-01FFhx12,0E00h-0E1Eh -ABANK0=060h-0FFh \
  -ABANK1=0100h-01FFh -ABANK2=0200h-02FFh -ABANK3=0300h-03FFh \
  -ABANK4=0400h-04FFh -ABANK5=0500h-05FFh -ABANK6=0600h-06FFh \
  -ABANK7=0700h-07FFh -ABANK8=0800h-08FFh -ABANK9=0900h-09FFh \
  -ABANK10=0A00h-0AFFh -ABANK11=0B00h-0BFFh -ABANK12=0C00h-0CFFh \
  -ABANK14=0E00h-0E1Eh \
  -ASFR=0D00h-0DFFh,0E1Fh-0EFFh,0F00h-0F5Fh,0F60h-0FFFh \
  -ABIGSFR=0D00h-0DFFh,0E1Fh-0FFFh -ACONFIG=0300000h-030000Bh \
  -AIDLOC=0200000h-02000FFh -AEEDATA=0310000h-03103FFh -peeprom_data=EEDATA \
  -preset_vec=00h,intcode=8h,intcodelo=18h,sivt_lo,sivt_hi=CODE \
  -ppowerup=CODE,init -pramtop=01000h -psmallconst=SMALLCONST \
  -pmediumconst=MEDIUMCONST -pconst=CONST -AFARRAM=00h-00h \
  -prdata=COMRAM,nvrram=COMRAM,nvbit=COMRAM,rbss=COMRAM,rbit=COMRAM \
  -pfarbss=FARRAM,fardata=FARRAM,nvFARRAM=FARRAM \
  -pintsave_regs=BIGRAM,bigbss=BIGRAM,bigdata=BIGRAM -pbss=RAM \
  -pidata=CODE,irdata=CODE,ibigdata=CODE,ifardata=CODE -prparam=COMRAM \
  /tmp/xcW9LQ10j/driver_tmp_9.o \
  dist/default/production/digital_attitude_indicator.X.production.o 

Object code version is 3.11

Machine type is 18F47Q10



                Name                               Link     Load   Length Selector   Space Scale
/tmp/xcW9LQ10j/driver_tmp_9.o
                config                           300000   300000        C        0       4
                init                              1FFFC    1FFFC        4     FFFE       0
                reset_vec                             0        0        4        0       0
dist/default/production/digital_attitude_indicator.X.production.o
                config                           300000   300000        C        0       4
                smallconst                         1000     1000        2      800       0
                text7                              116A     116A       12      801       0
                text6                              11A6     11A6        E      801       0
                text5                              1198     1198        E      801       0
                text4                              118A     118A        E      801       0
                text3                              1124     1124       46      801       0
                text2                              10B6     10B6       6E      801       0
                text1                              117C     117C        E      801       0
                text0                              1002     1002       B4      801       0
                cstackCOMRAM                          A        A        5        1       1
                cinit                              11B4     11B4        6      801       0
                nvCOMRAM                              1        1        9        1       1

TOTAL           Name                               Link     Load   Length     Space
        CLASS   CODE           
                init                              1FFFC    1FFFC        4         0
                reset_vec                             0        0        4         0
                text7                              116A     116A       12         0
                text6                              11A6     11A6        E         0
                text5                              1198     1198        E         0
                text4                              118A     118A        E         0
                text3                              1124     1124       46         0
                text2                              10B6     10B6       6E         0
                text1                              117C     117C        E         0
                text0                              1002     1002       B4         0
                cinit                              11B4     11B4        6         0

        CLASS   CONST          

        CLASS   SMALLCONST     
                smallconst                         1000     1000        2         0

        CLASS   MEDIUMCONST    

        CLASS   COMRAM         
                cstackCOMRAM                          A        A        5         1
                nvCOMRAM                              1        1        9         1

        CLASS   ABS1           

        CLASS   BIGRAM         

        CLASS   RAM            

        CLASS   BANK0          

        CLASS   BANK1          

        CLASS   BANK2          

        CLASS   BANK3          

        CLASS   BANK4          

        CLASS   BANK5          

        CLASS   BANK6          

        CLASS   BANK7          

        CLASS   BANK8          

        CLASS   BANK9          

        CLASS   BANK10         

        CLASS   BANK11         

        CLASS   BANK12         

        CLASS   BANK14         

        CLASS   SFR            

        CLASS   BIGSFR         

        CLASS   CONFIG         
                config                           300000   300000        C         4

        CLASS   IDLOC          

        CLASS   EEDATA         

        CLASS   FARRAM         

        CLASS   HEAP           

        CLASS   STACK          



SEGMENTS        Name                           Load    Length   Top    Selector   Space  Class

                text0                          001002  0001B8  0011BA       801       0  CODE    
                nvCOMRAM                       000001  00000E  00000F         1       1  COMRAM  
                init                           01FFFC  000004  020000      FFFE       0  CODE    
                smallconst                     001000  000002  001002       800       0  SMALLCON
                reset_vec                      000000  000004  000004         0       0  CODE    


UNUSED ADDRESS RANGES

        Name                Unused          Largest block    Delta
        BANK0            000060-0000FF               A0
        BANK1            000100-0001FF              100
        BANK10           000A00-000AFF              100
        BANK11           000B00-000BFF              100
        BANK12           000C00-000CFF              100
        BANK14           000E00-000E1E               1F
        BANK2            000200-0002FF              100
        BANK3            000300-0003FF              100
        BANK4            000400-0004FF              100
        BANK5            000500-0005FF              100
        BANK6            000600-0006FF              100
        BANK7            000700-0007FF              100
        BANK8            000800-0008FF              100
        BANK9            000900-0009FF              100
        BIGRAM           00000F-000CFF              CF1
                         000E00-000E1E               1F
        BIGSFR           000D00-000DFF              100
                         000E1F-000FFF              1E1
        CODE             000004-000FFF              FFC
                         0011BA-01FFFB            1EE42
        COMRAM           00000F-00005F               51
        CONST            000004-000FFF              FFC
                         0011BA-01FFFB            1EE42
        EEDATA           310000-3103FF              400
        IDLOC            200000-2000FF              100
        MEDIUMCONST      0011BA-00FFFF             EE46
                         011000-01FFFB             EFFC
        RAM              000060-000CFF              100
                         000E00-000E1E               1F
        SFR              000D00-000DFF              100
                         000E1F-000FFF               E1
        SMALLCONST       0011BA-00FFFF              100
                         011000-01FFFB              100

                                  Symbol Table

INT0_SetInterruptHandler@InterruptHandler cstackCOMRAM 00000A
INT1_SetInterruptHandler@InterruptHandler cstackCOMRAM 00000A
INT2_SetInterruptHandler@InterruptHandler cstackCOMRAM 00000A
_ANSELA                                   (abs)        000F0C
_ANSELB                                   (abs)        000F14
_ANSELC                                   (abs)        000F1C
_ANSELD                                   (abs)        000F21
_ANSELE                                   (abs)        000F29
_CLOCK_Initialize                         text7        00116A
_INLVLA                                   (abs)        000F08
_INLVLB                                   (abs)        000F10
_INLVLC                                   (abs)        000F18
_INLVLD                                   (abs)        000F1D
_INLVLE                                   (abs)        000F25
_INT0_DefaultInterruptHandler             (abs)        000000
_INT0_InterruptHandler                    nvCOMRAM     000007
_INT0_SetInterruptHandler                 text6        0011A6
_INT1_DefaultInterruptHandler             (abs)        000000
_INT1_InterruptHandler                    nvCOMRAM     000004
_INT1_SetInterruptHandler                 text5        001198
_INT2_DefaultInterruptHandler             (abs)        000000
_INT2_InterruptHandler                    nvCOMRAM     000001
_INT2_SetInterruptHandler                 text4        00118A
_INTCONbits                               (abs)        000FF2
_INTERRUPT_Initialize                     text3        001124
_IOCAF                                    (abs)        000F05
_IOCAN                                    (abs)        000F06
_IOCAP                                    (abs)        000F07
_IOCBF                                    (abs)        000F0D
_IOCBN                                    (abs)        000F0E
_IOCBP                                    (abs)        000F0F
_IOCCF                                    (abs)        000F15
_IOCCN                                    (abs)        000F16
_IOCCP                                    (abs)        000F17
_IOCEF                                    (abs)        000F22
_IOCEN                                    (abs)        000F23
_IOCEP                                    (abs)        000F24
_LATA                                     (abs)        000F82
_LATAbits                                 (abs)        000F82
_LATB                                     (abs)        000F83
_LATC                                     (abs)        000F84
_LATD                                     (abs)        000F85
_LATE                                     (abs)        000F86
_ODCONA                                   (abs)        000F0A
_ODCONB                                   (abs)        000F12
_ODCONC                                   (abs)        000F1A
_ODCOND                                   (abs)        000F1F
_ODCONE                                   (abs)        000F27
_OSCCON1                                  (abs)        000ED3
_OSCCON3                                  (abs)        000ED5
_OSCEN                                    (abs)        000ED7
_OSCFRQ                                   (abs)        000ED9
_OSCTUNE                                  (abs)        000ED8
_PIN_MANAGER_Initialize                   text2        0010B6
_PIR0bits                                 (abs)        000EC5
_SLRCONA                                  (abs)        000F09
_SLRCONB                                  (abs)        000F11
_SLRCONC                                  (abs)        000F19
_SLRCOND                                  (abs)        000F1E
_SLRCONE                                  (abs)        000F26
_SYSTEM_Initialize                        text1        00117C
_TRISA                                    (abs)        000F87
_TRISB                                    (abs)        000F88
_TRISC                                    (abs)        000F89
_TRISD                                    (abs)        000F8A
_TRISE                                    (abs)        000F8B
_WPUA                                     (abs)        000F0B
_WPUB                                     (abs)        000F13
_WPUC                                     (abs)        000F1B
_WPUD                                     (abs)        000F20
_WPUE                                     (abs)        000F28
__HRAM                                    (abs)        000000
__H__absolute__                           __absolute__ 000000
__Habs1                                   abs1         000000
__Hbank0                                  bank0        000000
__Hbank1                                  bank1        000000
__Hbank10                                 bank10       000000
__Hbank11                                 bank11       000000
__Hbank12                                 bank12       000000
__Hbank14                                 bank14       000000
__Hbank2                                  bank2        000000
__Hbank3                                  bank3        000000
__Hbank4                                  bank4        000000
__Hbank5                                  bank5        000000
__Hbank6                                  bank6        000000
__Hbank7                                  bank7        000000
__Hbank8                                  bank8        000000
__Hbank9                                  bank9        000000
__Hbigbss                                 bigbss       000000
__Hbigdata                                bigdata      000000
__Hbigram                                 bigram       000000
__Hbigsfr                                 bigsfr       000000
__Hbss                                    bss          000000
__Hcinit                                  cinit        000000
__Hclrtext                                clrtext      000000
__Hcomram                                 comram       000000
__Hconfig                                 config       30000C
__Hconst                                  const        000000
__HcstackCOMRAM                           cstackCOMRAM 000000
__Hdata                                   data         000000
__Heeprom_data                            eeprom_data  000000
__Hfarbss                                 farbss       000000
__Hfardata                                fardata      000000
__Hheap                                   heap         000000
__Hibigdata                               ibigdata     000000
__Hidata                                  idata        000000
__Hidloc                                  idloc        000000
__Hifardata                               ifardata     000000
__Hinit                                   init         020000
__Hintcode                                intcode      000008
__Hintcode_body                           intcode_body 000000
__Hintcodelo                              intcodelo    000018
__Hintentry                               intentry     000000
__Hintret                                 intret       000000
__Hintsave_regs                           intsave_regs 000000
__Hirdata                                 irdata       000000
__Hmediumconst                            mediumconst  000000
__HnvCOMRAM                               nvCOMRAM     000000
__HnvFARRAM                               nvFARRAM     000000
__Hnvbit                                  nvbit        000000
__Hnvrram                                 nvrram       000000
__Hparam                                  rparam       000000
__Hpowerup                                powerup      000000
__Hram                                    ram          000000
__Hramtop                                 ramtop       001000
__Hrbit                                   rbit         000000
__Hrbss                                   rbss         000000
__Hrdata                                  rdata        000000
__Hreset_vec                              reset_vec    000004
__Hrparam                                 rparam       000000
__Hsfr                                    sfr          000000
__Hsivt_hi                                sivt_hi      000000
__Hsivt_lo                                sivt_lo      000018
__Hsmallconst                             smallconst   001002
__Hspace_0                                (abs)        020000
__Hspace_1                                (abs)        00000F
__Hspace_2                                (abs)        000000
__Hspace_4                                (abs)        60000C
__Hstack                                  stack        000000
__Hstruct                                 struct       000000
__Htemp                                   temp         000000
__Htext                                   text         000000
__Htext0                                  text0        000000
__Htext1                                  text1        000000
__Htext2                                  text2        000000
__Htext3                                  text3        000000
__Htext4                                  text4        000000
__Htext5                                  text5        000000
__Htext6                                  text6        000000
__Htext7                                  text7        000000
__LRAM                                    (abs)        000001
__L__absolute__                           __absolute__ 000000
__Labs1                                   abs1         000000
__Lbank0                                  bank0        000000
__Lbank1                                  bank1        000000
__Lbank10                                 bank10       000000
__Lbank11                                 bank11       000000
__Lbank12                                 bank12       000000
__Lbank14                                 bank14       000000
__Lbank2                                  bank2        000000
__Lbank3                                  bank3        000000
__Lbank4                                  bank4        000000
__Lbank5                                  bank5        000000
__Lbank6                                  bank6        000000
__Lbank7                                  bank7        000000
__Lbank8                                  bank8        000000
__Lbank9                                  bank9        000000
__Lbigbss                                 bigbss       000000
__Lbigdata                                bigdata      000000
__Lbigram                                 bigram       000000
__Lbigsfr                                 bigsfr       000000
__Lbss                                    bss          000000
__Lcinit                                  cinit        000000
__Lclrtext                                clrtext      000000
__Lcomram                                 comram       000000
__Lconfig                                 config       000000
__Lconst                                  const        000000
__LcstackCOMRAM                           cstackCOMRAM 000000
__Ldata                                   data         000000
__Leeprom_data                            eeprom_data  000000
__Lfarbss                                 farbss       000000
__Lfardata                                fardata      000000
__Lheap                                   heap         000000
__Libigdata                               ibigdata     000000
__Lidata                                  idata        000000
__Lidloc                                  idloc        000000
__Lifardata                               ifardata     000000
__Linit                                   init         01FFFC
__Lintcode                                intcode      000008
__Lintcode_body                           intcode_body 000000
__Lintcodelo                              intcodelo    000018
__Lintentry                               intentry     000000
__Lintret                                 intret       000000
__Lintsave_regs                           intsave_regs 000000
__Lirdata                                 irdata       000000
__Lmediumconst                            mediumconst  000000
__LnvCOMRAM                               nvCOMRAM     000000
__LnvFARRAM                               nvFARRAM     000000
__Lnvbit                                  nvbit        000000
__Lnvrram                                 nvrram       000000
__Lparam                                  rparam       000000
__Lpowerup                                powerup      000000
__Lram                                    ram          000000
__Lramtop                                 ramtop       001000
__Lrbit                                   rbit         000000
__Lrbss                                   rbss         000000
__Lrdata                                  rdata        000000
__Lreset_vec                              reset_vec    000000
__Lrparam                                 rparam       000000
__Lsfr                                    sfr          000000
__Lsivt_hi                                sivt_hi      000000
__Lsivt_lo                                sivt_lo      000018
__Lsmallconst                             smallconst   001000
__Lspace_0                                (abs)        000000
__Lspace_1                                (abs)        000000
__Lspace_2                                (abs)        000000
__Lspace_4                                (abs)        000000
__Lstack                                  stack        000000
__Lstruct                                 struct       000000
__Ltemp                                   temp         000000
__Ltext                                   text         000000
__Ltext0                                  text0        000000
__Ltext1                                  text1        000000
__Ltext2                                  text2        000000
__Ltext3                                  text3        000000
__Ltext4                                  text4        000000
__Ltext5                                  text5        000000
__Ltext6                                  text6        000000
__Ltext7                                  text7        000000
__S0                                      (abs)        020000
__S1                                      (abs)        00000F
__S4                                      (abs)        000000
__S5                                      (abs)        000000
___heap_hi                                (abs)        000000
___heap_lo                                (abs)        000000
___inthi_sp                               stack        000000
___inthi_stack_hi                         stack        000000
___inthi_stack_lo                         stack        000000
___intlo_sp                               stack        000000
___intlo_stack_hi                         stack        000000
___intlo_stack_lo                         stack        000000
___param_bank                             (abs)        000000
___rparam_used                            (abs)        000001
___sp                                     stack        000000
___stack_hi                               stack        000000
___stack_lo                               stack        000000
__accesstop                               (abs)        000060
__activetblptr                            (abs)        000003
__end_of_CLOCK_Initialize                 text7        00117C
__end_of_INT0_SetInterruptHandler         text6        0011B4
__end_of_INT1_SetInterruptHandler         text5        0011A6
__end_of_INT2_SetInterruptHandler         text4        001198
__end_of_INTERRUPT_Initialize             text3        00116A
__end_of_PIN_MANAGER_Initialize           text2        001124
__end_of_SYSTEM_Initialize                text1        00118A
__end_of__initialization                  cinit        0011B4
__end_of_main                             text0        0010B6
__initialization                          cinit        0011B4
__mediumconst                             smallconst   001000
__pcinit                                  cinit        0011B4
__pcstackCOMRAM                           cstackCOMRAM 00000A
__pnvCOMRAM                               nvCOMRAM     000001
__psmallconst                             smallconst   001000
__ptext0                                  text0        001002
__ptext1                                  text1        00117C
__ptext2                                  text2        0010B6
__ptext3                                  text3        001124
__ptext4                                  text4        00118A
__ptext5                                  text5        001198
__ptext6                                  text6        0011A6
__ptext7                                  text7        00116A
__ramtop                                  ramtop       001000
__smallconst                              smallconst   001000
_main                                     text0        001002
end_of_initialization                     cinit        0011B4
intlevel0                                 text         000000
intlevel1                                 text         000000
intlevel2                                 text         000000
intlevel3                                 text         000000
isa$std                                   (abs)        000001
isa$xinst                                 (abs)        000000
stackhi                                   (abs)        000000
stacklo                                   (abs)        000000
start                                     init         01FFFC
start_initialization                      cinit        0011B4


MODULE INFORMATION

Module		Function		Class		Link	Load	Size
mcc_generated_files/system/src/interrupt.c
		_INT0_SetInterruptHandler		CODE           	11A6	0000	14
		_INT1_SetInterruptHandler		CODE           	1198	0000	14
		_INT2_SetInterruptHandler		CODE           	118A	0000	14
		_INTERRUPT_Initialize		CODE           	1124	0000	70

mcc_generated_files/system/src/interrupt.c estimated size: 112

mcc_generated_files/system/src/pins.c
		_PIN_MANAGER_Initialize		CODE           	10B6	0000	110

mcc_generated_files/system/src/pins.c estimated size: 110

shared
		__initialization		CODE           	11B4	0000	1

shared estimated size: 1

mcc_generated_files/system/src/clock.c
		_CLOCK_Initialize		CODE           	116A	0000	18

mcc_generated_files/system/src/clock.c estimated size: 18

main.c
		_main          		CODE           	1002	0000	180

main.c estimated size: 180

mcc_generated_files/system/src/system.c
		_SYSTEM_Initialize		CODE           	117C	0000	14

mcc_generated_files/system/src/system.c estimated size: 14

